[0812/011453.625:INFO:CONSOLE:8898] "[Client Instrumentation Hook] Slow execution detected: 30ms (Note: Code download overhead is not included in this measurement)", source: http://localhost:3000/_next/static/chunks/node_modules_%40sentry_core_build_esm_0~uyv3d._.js (8898)
[0812/011453.631:INFO:CONSOLE:8898] "%cDownload the React DevTools for a better development experience: https://react.dev/link/react-devtools font-weight:bold", source: http://localhost:3000/_next/static/chunks/node_modules_%40sentry_core_build_esm_0~uyv3d._.js (8898)
[0812/011453.701:INFO:CONSOLE:8898] "[HMR] connected", source: http://localhost:3000/_next/static/chunks/node_modules_%40sentry_core_build_esm_0~uyv3d._.js (8898)
[0812/011455.795:INFO:CONSOLE:8898] "[Fast Refresh] rebuilding", source: http://localhost:3000/_next/static/chunks/node_modules_%40sentry_core_build_esm_0~uyv3d._.js (8898)
[0812/011455.948:INFO:CONSOLE:8898] "[Fast Refresh] done in 257ms", source: http://localhost:3000/_next/static/chunks/node_modules_%40sentry_core_build_esm_0~uyv3d._.js (8898)
[0812/011457.391:INFO:CONSOLE:8898] "%cDownload the React DevTools for a better development experience: https://react.dev/link/react-devtools font-weight:bold", source: http://localhost:3000/_next/static/chunks/node_modules_%40sentry_core_build_esm_0~uyv3d._.js (8898)
[0812/011457.443:INFO:CONSOLE:8898] "[HMR] connected", source: http://localhost:3000/_next/static/chunks/node_modules_%40sentry_core_build_esm_0~uyv3d._.js (8898)
[0812/011515.145:INFO:CONSOLE:8898] "[Fast Refresh] rebuilding", source: http://localhost:3000/_next/static/chunks/node_modules_%40sentry_core_build_esm_0~uyv3d._.js (8898)
[0812/011516.723:INFO:CONSOLE:8898] "[Fast Refresh] done in 1690ms", source: http://localhost:3000/_next/static/chunks/node_modules_%40sentry_core_build_esm_0~uyv3d._.js (8898)
[0812/011520.018:INFO:CONSOLE:8898] "[Client Instrumentation Hook] Slow execution detected: 21ms (Note: Code download overhead is not included in this measurement)", source: http://localhost:3000/_next/static/chunks/node_modules_%40sentry_core_build_esm_0~uyv3d._.js (8898)
[0812/011520.023:INFO:CONSOLE:8898] "%cDownload the React DevTools for a better development experience: https://react.dev/link/react-devtools font-weight:bold", source: http://localhost:3000/_next/static/chunks/node_modules_%40sentry_core_build_esm_0~uyv3d._.js (8898)
[0812/011520.072:INFO:CONSOLE:8898] "[HMR] connected", source: http://localhost:3000/_next/static/chunks/node_modules_%40sentry_core_build_esm_0~uyv3d._.js (8898)
[0812/011521.226:INFO:CONSOLE:8898] "[Fast Refresh] rebuilding", source: http://localhost:3000/_next/static/chunks/node_modules_%40sentry_core_build_esm_0~uyv3d._.js (8898)
[0812/011521.572:INFO:CONSOLE:8898] "[Fast Refresh] done in 450ms", source: http://localhost:3000/_next/static/chunks/node_modules_%40sentry_core_build_esm_0~uyv3d._.js (8898)
[0812/011539.802:INFO:CONSOLE:8898] "[Fast Refresh] rebuilding", source: http://localhost:3000/_next/static/chunks/node_modules_%40sentry_core_build_esm_0~uyv3d._.js (8898)
[0812/011541.090:INFO:CONSOLE:8898] "[Fast Refresh] done in 1397ms", source: http://localhost:3000/_next/static/chunks/node_modules_%40sentry_core_build_esm_0~uyv3d._.js (8898)
[0812/011542.514:INFO:CONSOLE:8898] "%cDownload the React DevTools for a better development experience: https://react.dev/link/react-devtools font-weight:bold", source: http://localhost:3000/_next/static/chunks/node_modules_%40sentry_core_build_esm_0~uyv3d._.js (8898)
[0812/011542.577:INFO:CONSOLE:8898] "[HMR] connected", source: http://localhost:3000/_next/static/chunks/node_modules_%40sentry_core_build_esm_0~uyv3d._.js (8898)
[0812/011543.543:INFO:CONSOLE:8898] "[Fast Refresh] rebuilding", source: http://localhost:3000/_next/static/chunks/node_modules_%40sentry_core_build_esm_0~uyv3d._.js (8898)
[0812/011543.642:INFO:CONSOLE:8898] "[Fast Refresh] done in 200ms", source: http://localhost:3000/_next/static/chunks/node_modules_%40sentry_core_build_esm_0~uyv3d._.js (8898)
[0812/011555.543:INFO:CONSOLE:8898] "[Fast Refresh] rebuilding", source: http://localhost:3000/_next/static/chunks/node_modules_%40sentry_core_build_esm_0~uyv3d._.js (8898)
[0812/011556.952:INFO:CONSOLE:8898] "[Fast Refresh] done in 1516ms", source: http://localhost:3000/_next/static/chunks/node_modules_%40sentry_core_build_esm_0~uyv3d._.js (8898)
[0812/011558.470:INFO:CONSOLE:8898] "[Client Instrumentation Hook] Slow execution detected: 22ms (Note: Code download overhead is not included in this measurement)", source: http://localhost:3000/_next/static/chunks/node_modules_%40sentry_core_build_esm_0~uyv3d._.js (8898)
[0812/011558.474:INFO:CONSOLE:8898] "%cDownload the React DevTools for a better development experience: https://react.dev/link/react-devtools font-weight:bold", source: http://localhost:3000/_next/static/chunks/node_modules_%40sentry_core_build_esm_0~uyv3d._.js (8898)
[0812/011558.514:INFO:CONSOLE:8898] "[HMR] connected", source: http://localhost:3000/_next/static/chunks/node_modules_%40sentry_core_build_esm_0~uyv3d._.js (8898)
[0812/011559.679:INFO:CONSOLE:8898] "[Fast Refresh] rebuilding", source: http://localhost:3000/_next/static/chunks/node_modules_%40sentry_core_build_esm_0~uyv3d._.js (8898)
[0812/011559.733:INFO:CONSOLE:8898] "[Fast Refresh] done in 162ms", source: http://localhost:3000/_next/static/chunks/node_modules_%40sentry_core_build_esm_0~uyv3d._.js (8898)
[0812/011607.822:INFO:CONSOLE:8898] "[Fast Refresh] rebuilding", source: http://localhost:3000/_next/static/chunks/node_modules_%40sentry_core_build_esm_0~uyv3d._.js (8898)
[0812/011609.274:INFO:CONSOLE:8898] "[Fast Refresh] done in 1567ms", source: http://localhost:3000/_next/static/chunks/node_modules_%40sentry_core_build_esm_0~uyv3d._.js (8898)
[0812/011610.921:INFO:CONSOLE:8898] "[Client Instrumentation Hook] Slow execution detected: 19ms (Note: Code download overhead is not included in this measurement)", source: http://localhost:3000/_next/static/chunks/node_modules_%40sentry_core_build_esm_0~uyv3d._.js (8898)
[0812/011610.928:INFO:CONSOLE:8898] "%cDownload the React DevTools for a better development experience: https://react.dev/link/react-devtools font-weight:bold", source: http://localhost:3000/_next/static/chunks/node_modules_%40sentry_core_build_esm_0~uyv3d._.js (8898)
[0812/011610.997:INFO:CONSOLE:8898] "[HMR] connected", source: http://localhost:3000/_next/static/chunks/node_modules_%40sentry_core_build_esm_0~uyv3d._.js (8898)
[0812/011612.117:INFO:CONSOLE:8898] "[Fast Refresh] rebuilding", source: http://localhost:3000/_next/static/chunks/node_modules_%40sentry_core_build_esm_0~uyv3d._.js (8898)
[0812/011612.224:INFO:CONSOLE:8898] "[Fast Refresh] done in 210ms", source: http://localhost:3000/_next/static/chunks/node_modules_%40sentry_core_build_esm_0~uyv3d._.js (8898)
[0812/011620.184:INFO:CONSOLE:8898] "[Fast Refresh] rebuilding", source: http://localhost:3000/_next/static/chunks/node_modules_%40sentry_core_build_esm_0~uyv3d._.js (8898)
[0812/011621.786:INFO:CONSOLE:8898] "[Fast Refresh] done in 1707ms", source: http://localhost:3000/_next/static/chunks/node_modules_%40sentry_core_build_esm_0~uyv3d._.js (8898)
[0812/011623.465:INFO:CONSOLE:8898] "%cDownload the React DevTools for a better development experience: https://react.dev/link/react-devtools font-weight:bold", source: http://localhost:3000/_next/static/chunks/node_modules_%40sentry_core_build_esm_0~uyv3d._.js (8898)
[0812/011623.510:INFO:CONSOLE:8898] "[HMR] connected", source: http://localhost:3000/_next/static/chunks/node_modules_%40sentry_core_build_esm_0~uyv3d._.js (8898)
[0812/011624.616:INFO:CONSOLE:8898] "[Fast Refresh] rebuilding", source: http://localhost:3000/_next/static/chunks/node_modules_%40sentry_core_build_esm_0~uyv3d._.js (8898)
[0812/011624.690:INFO:CONSOLE:8898] "[Fast Refresh] done in 180ms", source: http://localhost:3000/_next/static/chunks/node_modules_%40sentry_core_build_esm_0~uyv3d._.js (8898)
[0812/011630.743:INFO:CONSOLE:8898] "[Fast Refresh] rebuilding", source: http://localhost:3000/_next/static/chunks/node_modules_%40sentry_core_build_esm_0~uyv3d._.js (8898)
[0812/011632.301:INFO:CONSOLE:8898] "[Fast Refresh] done in 1644ms", source: http://localhost:3000/_next/static/chunks/node_modules_%40sentry_core_build_esm_0~uyv3d._.js (8898)
[0812/011633.904:INFO:CONSOLE:8898] "[Fast Refresh] rebuilding", source: http://localhost:3000/_next/static/chunks/node_modules_%40sentry_core_build_esm_0~uyv3d._.js (8898)
[0812/011638.585:INFO:CONSOLE:8898] "[Fast Refresh] done in 4786ms", source: http://localhost:3000/_next/static/chunks/node_modules_%40sentry_core_build_esm_0~uyv3d._.js (8898)
[0812/011640.045:INFO:CONSOLE:8898] "[Fast Refresh] rebuilding", source: http://localhost:3000/_next/static/chunks/node_modules_%40sentry_core_build_esm_0~uyv3d._.js (8898)
[0812/011641.005:INFO:CONSOLE:8898] "[Fast Refresh] done in 1064ms", source: http://localhost:3000/_next/static/chunks/node_modules_%40sentry_core_build_esm_0~uyv3d._.js (8898)
[0812/011641.162:INFO:CONSOLE:8898] "[Fast Refresh] rebuilding", source: http://localhost:3000/_next/static/chunks/node_modules_%40sentry_core_build_esm_0~uyv3d._.js (8898)
[0812/011642.336:INFO:CONSOLE:8898] "[Fast Refresh] done in 1280ms", source: http://localhost:3000/_next/static/chunks/node_modules_%40sentry_core_build_esm_0~uyv3d._.js (8898)
[0812/011644.666:INFO:CONSOLE:8898] "[Client Instrumentation Hook] Slow execution detected: 31ms (Note: Code download overhead is not included in this measurement)", source: http://localhost:3000/_next/static/chunks/node_modules_%40sentry_core_build_esm_0~uyv3d._.js (8898)
[0812/011644.675:INFO:CONSOLE:8898] "%cDownload the React DevTools for a better development experience: https://react.dev/link/react-devtools font-weight:bold", source: http://localhost:3000/_next/static/chunks/node_modules_%40sentry_core_build_esm_0~uyv3d._.js (8898)
[0812/011644.734:INFO:CONSOLE:8898] "[HMR] connected", source: http://localhost:3000/_next/static/chunks/node_modules_%40sentry_core_build_esm_0~uyv3d._.js (8898)
[0812/011645.760:INFO:CONSOLE:8898] "[Fast Refresh] rebuilding", source: http://localhost:3000/_next/static/chunks/node_modules_%40sentry_core_build_esm_0~uyv3d._.js (8898)
[0812/011645.972:INFO:CONSOLE:8898] "[Fast Refresh] done in 316ms", source: http://localhost:3000/_next/static/chunks/node_modules_%40sentry_core_build_esm_0~uyv3d._.js (8898)
[0812/011646.215:INFO:CONSOLE:8898] "[Fast Refresh] rebuilding", source: http://localhost:3000/_next/static/chunks/node_modules_%40sentry_core_build_esm_0~uyv3d._.js (8898)
[0812/011648.225:INFO:CONSOLE:8898] "[Fast Refresh] done in 2116ms", source: http://localhost:3000/_next/static/chunks/node_modules_%40sentry_core_build_esm_0~uyv3d._.js (8898)
[0812/011648.393:INFO:CONSOLE:8898] "[Fast Refresh] rebuilding", source: http://localhost:3000/_next/static/chunks/node_modules_%40sentry_core_build_esm_0~uyv3d._.js (8898)
[0812/011648.560:INFO:CONSOLE:8898] "[Fast Refresh] done in 273ms", source: http://localhost:3000/_next/static/chunks/node_modules_%40sentry_core_build_esm_0~uyv3d._.js (8898)
[0812/011655.633:INFO:CONSOLE:8898] "[Fast Refresh] rebuilding", source: http://localhost:3000/_next/static/chunks/node_modules_%40sentry_core_build_esm_0~uyv3d._.js (8898)
[0812/011655.651:INFO:CONSOLE:8898] "[Fast Refresh] done in 124ms", source: http://localhost:3000/_next/static/chunks/node_modules_%40sentry_core_build_esm_0~uyv3d._.js (8898)
[0812/011656.132:INFO:CONSOLE:8898] "[Fast Refresh] rebuilding", source: http://localhost:3000/_next/static/chunks/node_modules_%40sentry_core_build_esm_0~uyv3d._.js (8898)
[0812/011659.092:INFO:CONSOLE:8898] "[Fast Refresh] done in 3065ms", source: http://localhost:3000/_next/static/chunks/node_modules_%40sentry_core_build_esm_0~uyv3d._.js (8898)
[0812/011659.881:INFO:CONSOLE:8898] "[Fast Refresh] rebuilding", source: http://localhost:3000/_next/static/chunks/node_modules_%40sentry_core_build_esm_0~uyv3d._.js (8898)
[0812/011659.950:INFO:CONSOLE:8898] "[Fast Refresh] done in 174ms", source: http://localhost:3000/_next/static/chunks/node_modules_%40sentry_core_build_esm_0~uyv3d._.js (8898)
